0 0 1 0.31 0 1 1 0
0 1 0 0.51 1 2 0.51 0
1 0 0 1 2 3 0.31 0
